2026-09-14 18:24:55.691: [INFO] CurrentProfilePath: C:\Users\andre\eclipse-workspace\proyecto_web2\.metadata\.plugins\org.eclipse.swt\EBWebView\Default
2026-09-14 18:24:55.691: [INFO] Profiles total count: 1
2026-09-14 18:24:55.691: [INFO] Profile: name=Perfil 1 path=C:\Users\andre\eclipse-workspace\proyecto_web2\.metadata\.plugins\org.eclipse.swt\EBWebView\Default lastActive=null
2026-09-14 18:24:55.691: [INFO] LastUsedProfileDir: C:\Users\andre\eclipse-workspace\proyecto_web2\.metadata\.plugins\org.eclipse.swt\EBWebView\Default
2026-09-14 18:24:55.691: [INFO] OnDoneLoading sync enabled: 0
2026-09-14 18:24:55.691: [INFO] BookmarkModelLoaded, ids_reassigned: 0
2026-09-14 18:24:55.691: [INFO] BookmarksLoadDropped droppedNodes=0
2026-09-14 18:24:55.691: [INFO] BookmarksSnapshot Startup total=0 bar=0 other=0 mobile=0 showBar=0 showBarNTP=1
2026-09-14 18:25:07.640: [INFO] BookmarksSnapshot Shutdown total=0 bar=0 other=0 mobile=0 showBar=0 showBarNTP=1
2026-09-14 18:25:09.384: [INFO] CurrentProfilePath: C:\Users\andre\eclipse-workspace\proyecto_web2\.metadata\.plugins\org.eclipse.swt\EBWebView\Default
2026-09-14 18:25:09.384: [INFO] Profiles total count: 1
2026-09-14 18:25:09.384: [INFO] Profile: name=Perfil 1 path=C:\Users\andre\eclipse-workspace\proyecto_web2\.metadata\.plugins\org.eclipse.swt\EBWebView\Default lastActive=2026-09-14T18:24:56.223Z
2026-09-14 18:25:09.384: [INFO] LastUsedProfileDir: C:\Users\andre\eclipse-workspace\proyecto_web2\.metadata\.plugins\org.eclipse.swt\EBWebView\Default
2026-09-14 18:25:09.384: [INFO] MostRecentlyActiveProfile: name=Perfil 1 path=C:\Users\andre\eclipse-workspace\proyecto_web2\.metadata\.plugins\org.eclipse.swt\EBWebView\Default lastActive=2026-09-14T18:24:56.223Z
2026-09-14 18:25:09.385: [INFO] OnDoneLoading sync enabled: 0
2026-09-14 18:25:09.385: [INFO] BookmarkModelLoaded, ids_reassigned: 0
2026-09-14 18:25:09.385: [INFO] BookmarksLoadDropped droppedNodes=0
2026-09-14 18:25:09.385: [INFO] BookmarksSnapshot Startup total=0 bar=0 other=0 mobile=0 showBar=0 showBarNTP=1
2026-09-14 18:46:37.804: [INFO] BookmarksSnapshot Shutdown total=0 bar=0 other=0 mobile=0 showBar=0 showBarNTP=1
2026-09-14 18:47:09.546: [INFO] CurrentProfilePath: C:\Users\andre\eclipse-workspace\proyecto_web2\.metadata\.plugins\org.eclipse.swt\EBWebView\Default
2026-09-14 18:47:09.546: [INFO] Profiles total count: 1
2026-09-14 18:47:09.546: [INFO] Profile: name=Perfil 1 path=C:\Users\andre\eclipse-workspace\proyecto_web2\.metadata\.plugins\org.eclipse.swt\EBWebView\Default lastActive=2026-09-14T18:27:46.251Z
2026-09-14 18:47:09.546: [INFO] LastUsedProfileDir: C:\Users\andre\eclipse-workspace\proyecto_web2\.metadata\.plugins\org.eclipse.swt\EBWebView\Default
2026-09-14 18:47:09.546: [INFO] MostRecentlyActiveProfile: name=Perfil 1 path=C:\Users\andre\eclipse-workspace\proyecto_web2\.metadata\.plugins\org.eclipse.swt\EBWebView\Default lastActive=2026-09-14T18:27:46.251Z
2026-09-14 18:47:09.546: [INFO] OnDoneLoading sync enabled: 0
2026-09-14 18:47:09.546: [INFO] BookmarkModelLoaded, ids_reassigned: 0
2026-09-14 18:47:09.546: [INFO] BookmarksLoadDropped droppedNodes=0
2026-09-14 18:47:09.546: [INFO] BookmarksSnapshot Startup total=0 bar=0 other=0 mobile=0 showBar=0 showBarNTP=1
2026-09-14 18:56:01.858: [INFO] BookmarksSnapshot Shutdown total=0 bar=0 other=0 mobile=0 showBar=0 showBarNTP=1
2026-09-14 18:58:55.700: [INFO] CurrentProfilePath: C:\Users\andre\eclipse-workspace\proyecto_web2\.metadata\.plugins\org.eclipse.swt\EBWebView\Default
2026-09-14 18:58:55.700: [INFO] Profiles total count: 1
2026-09-14 18:58:55.700: [INFO] Profile: name=Perfil 1 path=C:\Users\andre\eclipse-workspace\proyecto_web2\.metadata\.plugins\org.eclipse.swt\EBWebView\Default lastActive=2026-09-14T18:56:01.410Z
2026-09-14 18:58:55.700: [INFO] LastUsedProfileDir: C:\Users\andre\eclipse-workspace\proyecto_web2\.metadata\.plugins\org.eclipse.swt\EBWebView\Default
2026-09-14 18:58:55.700: [INFO] MostRecentlyActiveProfile: name=Perfil 1 path=C:\Users\andre\eclipse-workspace\proyecto_web2\.metadata\.plugins\org.eclipse.swt\EBWebView\Default lastActive=2026-09-14T18:56:01.410Z
2026-09-14 18:58:55.700: [INFO] OnDoneLoading sync enabled: 0
2026-09-14 18:58:55.700: [INFO] BookmarkModelLoaded, ids_reassigned: 0
2026-09-14 18:58:55.700: [INFO] BookmarksLoadDropped droppedNodes=0
2026-09-14 18:58:55.700: [INFO] BookmarksSnapshot Startup total=0 bar=0 other=0 mobile=0 showBar=0 showBarNTP=1
2026-09-14 19:29:20.111: [INFO] BookmarksSnapshot Shutdown total=0 bar=0 other=0 mobile=0 showBar=0 showBarNTP=1
2026-09-14 19:30:42.820: [INFO] CurrentProfilePath: C:\Users\andre\eclipse-workspace\proyecto_web2\.metadata\.plugins\org.eclipse.swt\EBWebView\Default
2026-09-14 19:30:42.820: [INFO] Profiles total count: 1
2026-09-14 19:30:42.820: [INFO] Profile: name=Perfil 1 path=C:\Users\andre\eclipse-workspace\proyecto_web2\.metadata\.plugins\org.eclipse.swt\EBWebView\Default lastActive=2026-09-14T18:56:01.410Z
2026-09-14 19:30:42.820: [INFO] LastUsedProfileDir: C:\Users\andre\eclipse-workspace\proyecto_web2\.metadata\.plugins\org.eclipse.swt\EBWebView\Default
2026-09-14 19:30:42.820: [INFO] MostRecentlyActiveProfile: name=Perfil 1 path=C:\Users\andre\eclipse-workspace\proyecto_web2\.metadata\.plugins\org.eclipse.swt\EBWebView\Default lastActive=2026-09-14T18:56:01.410Z
2026-09-14 19:30:42.820: [INFO] OnDoneLoading sync enabled: 0
2026-09-14 19:30:42.820: [INFO] BookmarkModelLoaded, ids_reassigned: 0
2026-09-14 19:30:42.820: [INFO] BookmarksLoadDropped droppedNodes=0
2026-09-14 19:30:42.820: [INFO] BookmarksSnapshot Startup total=0 bar=0 other=0 mobile=0 showBar=0 showBarNTP=1
2026-09-14 20:37:39.610: [INFO] BookmarksSnapshot Shutdown total=0 bar=0 other=0 mobile=0 showBar=0 showBarNTP=1
2026-09-14 20:44:41.862: [INFO] CurrentProfilePath: C:\Users\andre\eclipse-workspace\proyecto_web2\.metadata\.plugins\org.eclipse.swt\EBWebView\Default
2026-09-14 20:44:41.862: [INFO] Profiles total count: 1
2026-09-14 20:44:41.862: [INFO] Profile: name=Perfil 1 path=C:\Users\andre\eclipse-workspace\proyecto_web2\.metadata\.plugins\org.eclipse.swt\EBWebView\Default lastActive=2026-09-14T18:56:01.410Z
2026-09-14 20:44:41.862: [INFO] LastUsedProfileDir: C:\Users\andre\eclipse-workspace\proyecto_web2\.metadata\.plugins\org.eclipse.swt\EBWebView\Default
2026-09-14 20:44:41.862: [INFO] MostRecentlyActiveProfile: name=Perfil 1 path=C:\Users\andre\eclipse-workspace\proyecto_web2\.metadata\.plugins\org.eclipse.swt\EBWebView\Default lastActive=2026-09-14T18:56:01.410Z
2026-09-14 20:44:41.862: [INFO] OnDoneLoading sync enabled: 0
2026-09-14 20:44:41.862: [INFO] BookmarkModelLoaded, ids_reassigned: 0
2026-09-14 20:44:41.862: [INFO] BookmarksLoadDropped droppedNodes=0
2026-09-14 20:44:41.862: [INFO] BookmarksSnapshot Startup total=0 bar=0 other=0 mobile=0 showBar=0 showBarNTP=1
2026-09-14 20:48:22.894: [INFO] BookmarksSnapshot Shutdown total=0 bar=0 other=0 mobile=0 showBar=0 showBarNTP=1
2026-09-14 21:05:55.066: [INFO] CurrentProfilePath: C:\Users\andre\eclipse-workspace\proyecto_web2\.metadata\.plugins\org.eclipse.swt\EBWebView\Default
2026-09-14 21:05:55.066: [INFO] Profiles total count: 1
2026-09-14 21:05:55.066: [INFO] Profile: name=Perfil 1 path=C:\Users\andre\eclipse-workspace\proyecto_web2\.metadata\.plugins\org.eclipse.swt\EBWebView\Default lastActive=2026-09-14T18:56:01.410Z
2026-09-14 21:05:55.066: [INFO] LastUsedProfileDir: C:\Users\andre\eclipse-workspace\proyecto_web2\.metadata\.plugins\org.eclipse.swt\EBWebView\Default
2026-09-14 21:05:55.066: [INFO] MostRecentlyActiveProfile: name=Perfil 1 path=C:\Users\andre\eclipse-workspace\proyecto_web2\.metadata\.plugins\org.eclipse.swt\EBWebView\Default lastActive=2026-09-14T18:56:01.410Z
2026-09-14 21:05:55.066: [INFO] OnDoneLoading sync enabled: 0
2026-09-14 21:05:55.066: [INFO] BookmarkModelLoaded, ids_reassigned: 0
2026-09-14 21:05:55.066: [INFO] BookmarksLoadDropped droppedNodes=0
2026-09-14 21:05:55.066: [INFO] BookmarksSnapshot Startup total=0 bar=0 other=0 mobile=0 showBar=0 showBarNTP=1
2026-09-14 21:06:10.268: [INFO] BookmarksSnapshot Shutdown total=0 bar=0 other=0 mobile=0 showBar=0 showBarNTP=1
2026-09-15 00:07:07.432: [INFO] CurrentProfilePath: C:\Users\andre\eclipse-workspace\proyecto_web2\.metadata\.plugins\org.eclipse.swt\EBWebView\Default
2026-09-15 00:07:07.432: [INFO] Profiles total count: 1
2026-09-15 00:07:07.432: [INFO] Profile: name=Perfil 1 path=C:\Users\andre\eclipse-workspace\proyecto_web2\.metadata\.plugins\org.eclipse.swt\EBWebView\Default lastActive=2026-09-14T21:06:09.230Z
2026-09-15 00:07:07.432: [INFO] LastUsedProfileDir: C:\Users\andre\eclipse-workspace\proyecto_web2\.metadata\.plugins\org.eclipse.swt\EBWebView\Default
2026-09-15 00:07:07.432: [INFO] MostRecentlyActiveProfile: name=Perfil 1 path=C:\Users\andre\eclipse-workspace\proyecto_web2\.metadata\.plugins\org.eclipse.swt\EBWebView\Default lastActive=2026-09-14T21:06:09.230Z
2026-09-15 00:07:07.432: [INFO] OnDoneLoading sync enabled: 0
2026-09-15 00:07:07.432: [INFO] BookmarkModelLoaded, ids_reassigned: 0
2026-09-15 00:07:07.432: [INFO] BookmarksLoadDropped droppedNodes=0
2026-09-15 00:07:07.432: [INFO] BookmarksSnapshot Startup total=0 bar=0 other=0 mobile=0 showBar=0 showBarNTP=1
2026-09-15 00:07:10.926: [INFO] BookmarksSnapshot Shutdown total=0 bar=0 other=0 mobile=0 showBar=0 showBarNTP=1
